models/mapobjects/banner/banner5.md3 
Banner used in main menu
models/mapobjects/baph/baphomet_gold.md3
Demonic looking bull skull
models/mapobjects/bitch/fembotbig.md3
Black hovering chick
models/mapobjects/wallhead/femhead.md3     
Large female face on wall                 
models/mapobjects/lamps/bot_lamp2.md3
hovering steel skull holding spotlight
models/mapobjects/corpse/corpse.md3
Crucified body
models/mapobjects/gargoyle1.md3
Statue of winged gargoyle
models/mapobjects/gratelamp/gratelamp.md3 
Wall_lamp with cage                
models/mapobjects/gratelamp/gratetorch.md3
Small walltorch
models/mapobjects/gratelamp/gratetorchbig.md3
Medium walltorch
models/mapobjects/jesus/jesus.md3 
Large crucified Jesus              
models/mapobjects/jets/jets01.md3
Tall lighting effect
models/mapobjects/kmlamp1.md3
Medium sized lamp
models/mapobjects/wallhead/lion.md3
Large Lions head
models/mapobjects/skull/monkeyface.md3 
Dismembered head                   
models/mapobjects/pipe/pipe02.md3
Large pipe-like tube mounted on wall
models/mapobjects/pipe/pipe02b.md3
Same as pipe02.md3 but rotated 180o
models/mapobjects/podium/podium4.md3
Podium used to show who won match
models/mapobjects/portal_2/portal_2.md3
Portal used for "gate" teleporter
models/mapobjects/skel/skel_ribs.md3
Small dismembered ribcage
models/mapobjects/skel/skel01.md3 
Full skeleton (standing)           
models/mapobjects/skel/skel02mid.md3
Full skeleton (sitting)
models/mapobjects/spotlamp/spotlamp.md3
Three large spotlights (stage-lamps)
models/mapobjects/skull/skull.md3
Skull
models/mapobjects/skull/skull_tilt1.md3
Tilted skull
models/mapobjects/statue_major.md3
Statue of Major
models/mapobjects/storch/storch.md3
Walltorch made from skull (Unlit)
models/mapobjects/storch/storchx.md3 
Skull wall_torch (Lit)                  
models/mapobjects/storch/tall_torch.md3
Skull torch on a pole
models/mapobjects/teleporter/teleporter.md3
Normal teleporter
models/mapobjects/timlamp/timlamp.md3
Flame in a barrel-like cage
models/mapobjects/corpse/torso.md3 
Dismembered body chained to wall   
models/mapobjects/visor_posed.md3
Statue of Visor
models/mapobjects/wallhead/wallhead02.md3
Bull skull
models/mapobjects/walllamp3.md3
Lamp mounted on wall
models/mapobjects/skel/xray.md3
Medium sized green skeleton (standing) 
models/mapobjects/skel/xraybig.md3
Large sized green skeleton (standing)
