!POWER_OFF

!SC_DIS10A

!SC_DIS11A

!SC_DIS12A

!SC_DIS13A

!SC_DIS15A

!SC_DIS16A

!SC_DIS1A

!SC_DIS1B

!SC_DIS1C

!SC_DIS1D

!SC_DIS2A

!SC_DIS3A

!SC_DIS5A

!SC_DIS6A

!SC_DIS7A

!SC_DIS9A

!SC_DISA

!SC_FEAR2

!SC_SCREAM6

!na0

!na8

*scientist/c1a0_sci_stall.wav

/Ambience/drips.wav

/Ambience/industrial1.wav

/Ambience/industrial2.wav

/Ambience/industrial4.wav

/Ambience/wind1.wav

/Ambience/wind2.wav

/DOORS/doorstop8.wav

/ambience/drips.wav

/ambience/sparks.wav

/ambience/waterfall2.wav

Ambience/LOADER_HYDRA1.WAV

Ambience/bigwarning.wav

Ambience/burning1.wav

Ambience/computalk1.wav

Ambience/computalk2.wav

Ambience/drips.wav

Ambience/dronemachine2.wav

Ambience/industrial4.wav

Ambience/squeeks2.wav

Ambience/wind1.wav

Buttons/lightswitch2.wav

Common/bodysplat.wav

DOORS/doorstop4.wav

DOORS/doorstop5.wav

DOORS/doorstop7.wav

Gonarch/gon_die1.wav

PLAYER/pl_slosh1.wav

PLAYER/pl_slosh2.wav

PLAYER/pl_slosh3.wav

PLAYER/pl_slosh4.wav

agrunt/ag_alert1.wav

ambience/alien_beacon.wav

ambience/alien_blipper.wav

ambience/alien_builder.wav

ambience/alien_creeper.wav

ambience/alien_cycletone.wav

ambience/alien_frantic.wav

ambience/alien_humongo.wav

ambience/alien_minddrill.wav

ambience/alien_powernode.wav

ambience/alien_squit.wav

ambience/aliencave1.wav

ambience/alienclicker1.wav

ambience/alienflyby1.wav

ambience/alienlaser1.wav

ambience/alienvalve2.wav

ambience/alienvoices1.wav

ambience/alienwind1.wav

ambience/alienwind2.wav

ambience/biggun1.wav

ambience/biggun3.wav

ambience/bigwarning.wav

ambience/boomer.wav

ambience/breather.wav

ambience/burning1.wav

ambience/burning3.wav

ambience/computalk1.wav

ambience/computalk2.wav

ambience/cricket.wav

ambience/crickets.wav

ambience/crtnoise.wav

ambience/deadsignal1.wav

ambience/deadsignal2.wav

ambience/disgusting.wav

ambience/drips.wav

ambience/dronemachine1.wav

ambience/dronemachine2.wav

ambience/dronemachine3.wav

ambience/explode.wav

ambience/flameburst1.wav

ambience/flies.wav

ambience/hammer.wav

ambience/industrial1.wav

ambience/industrial2.wav

ambience/industrial3.wav

ambience/industrial4.wav

ambience/jetflyby1.wav

ambience/labdrone1.wav

ambience/labdrone2.wav

ambience/labmoan.wav

ambience/loader_hydra1.wav

ambience/loader_step1.wav

ambience/mechwhine.wav

ambience/particle_suck1.wav

ambience/particle_suck2.wav

ambience/port_suckin1.wav

ambience/port_suckout1.wav

ambience/pounder.wav

ambience/pulsemachine.wav

ambience/pumper.wav

ambience/rifle1.wav

ambience/rocket_groan1.wav

ambience/rocket_groan2.wav

ambience/rocket_groan4.wav

ambience/rocket_steam1.wav

ambience/rocketflame1.wav

ambience/rocketrumble1.wav

ambience/rotormachine.wav

ambience/sandfall1.wav

ambience/screammachine.wav

ambience/signalgear1.wav

ambience/signalgear2.wav

ambience/siren.WAV

ambience/siren.wav

ambience/sparks.wav

ambience/squeeks2.wav

ambience/squirm2.wav

ambience/squitch.wav

ambience/squitch2.wav

ambience/steamburst1.wav

ambience/steamjet1.wav

ambience/tankdrivein2.wav

ambience/tankidle2.wav

ambience/techamb1.wav

ambience/techamb2.wav

ambience/the_horror1.wav

ambience/the_horror2.wav

ambience/the_horror3.wav

ambience/warn1.wav

ambience/warn3.wav

ambience/waterfall1.wav

ambience/waterfall2.wav

ambience/waterfall3.wav

ambience/wind1.wav

ambience/wind2.wav

ambience/xtal_down1.wav

ambience/zapmachine.wav

ambience/zipmachine.wav

apache/ap_rotor2.wav

apache/ap_rotor3.wav

barney/ba_attack2.wav

barney/ba_die1.WAV

barney/ba_die1.wav

barney/ba_die3.wav

barney/c1a4_ba_octo3.wav

barney/c2a4_ba_1tau.wav

barney/c2a4_ba_3tau.wav

barney/c2a4_ba_5tau.wav

barney/c2a4_ba_steril.wav

bullchicken/bc_attackgrowl2.wav

bullchicken/bc_spithit1.wav

buttons/bell1.wav

buttons/blip1.wav

buttons/blip2.wav

buttons/button1.wav

buttons/button10.wav

buttons/button2.wav

buttons/button3.wav

buttons/button4.wav

buttons/button5.wav

buttons/button6.wav

buttons/button7.wav

buttons/button8.wav

buttons/latchlocked1.wav

buttons/lever1.wav

buttons/lever5.wav

buttons/lightswitch2.wav

common/bodysplat.wav

debris/beamstart1.wav

debris/beamstart10.wav

debris/beamstart13.wav

debris/beamstart14.wav

debris/beamstart15.wav

debris/beamstart2.wav

debris/beamstart3.wav

debris/beamstart4.wav

debris/beamstart7.wav

debris/beamstart8.wav

debris/beamstart9.wav

debris/bustconcrete1.wav

debris/bustconcrete2.wav

debris/bustflesh1.wav

debris/bustflesh2.wav

debris/bustglass2.wav

debris/bustmetal1.wav

debris/bustmetal2.wav

debris/concrete1.wav

debris/concrete2.wav

debris/concrete3.wav

debris/flesh2.wav

debris/flesh3.wav

debris/metal2.wav

debris/metal5.wav

debris/metal6.wav

debris/zap1.wav

debris/zap2.wav

debris/zap3.wav

debris/zap4.wav

debris/zap5.wav

debris/zap7.wav

debris/zap8.wav

doors/aliendoor2.wav

doors/aliendoor3.wav

doors/aliendoor5.wav

doors/doormove2.wav

doors/doormove8.wav

doors/doorstop1.wav

doors/doorstop2.wav

doors/doorstop6.wav

doors/doorstop7.wav

garg/gar_alert1.wav

garg/gar_alert2.wav

garg/gar_alert3.wav

garg/gar_attack2.wav

garg/gar_idle1.wav

garg/gar_idle2.wav

garg/gar_pain3.wav

garg/gar_step1.wav

garg/gar_step2.wav

garg/gar_stomp1.wav

gonarch/gon_alert1.wav

gonarch/gon_birth1.wav

headcrab/hc_attack1.wav

headcrab/hc_headbite.wav

headcrab/hc_idle1.wav

headcrab/hc_pain1.wav

headcrab/hc_pain2.wav

headcrab/hc_pain3.wav

headcrab/hc_run2.wav

hgrunt/c2a3_ambush_fx.wav

hgrunt/c2a3_ambush_vox.wav

hgrunt/c2a5_hg_abandon.wav

hgrunt/c2a5_hg_lebuz.wav

hgrunt/gr_die2.wav

hgrunt/gr_mgun1.wav

holo/tr_holo_breath.wav

holo/tr_holo_done.wav

holo/tr_holo_fallshort.wav

holo/tr_holo_fantastic.wav

holo/tr_holo_flashlight.wav

holo/tr_holo_greatwork.wav

holo/tr_holo_jumpdown.wav

holo/tr_holo_keeptrying.wav

holo/tr_holo_lightoff.wav

holo/tr_holo_nicejob.wav

holo/tr_holo_radiation.wav

ichy/ichy_attack1.wav

items/suitchargeno1.wav

nihilanth/nil_alone.wav

nihilanth/nil_comes.wav

nihilanth/nil_deceive.wav

nihilanth/nil_die.wav

nihilanth/nil_done.wav

nihilanth/nil_freeman.wav

nihilanth/nil_now_die.wav

nihilanth/nil_thelast.wav

nihilanth/nil_thetruth.wav

nihilanth/nil_win.wav

plats/bigstop1.wav

plats/elevbell1.wav

plats/elevmove2.wav

plats/freightmove2.wav

plats/freightstop1.wav

plats/heavystop1.wav

plats/platstop1.wav

plats/railmove1.wav

plats/talkstop1.wav

player/breathe1.wav

player/heartbeat1.wav

scientist/c1a0_sci_bigday.wav

scientist/c1a0_sci_crit3a.wav

scientist/c1a0_sci_dis14a.wav

scientist/c1a1_sci_2scan.wav

scientist/c1a3_sci_thankgod.wav

scientist/c2a4_sci_2tau.wav

scientist/c2a4_sci_4tau.wav

scientist/sci_fear4.wav

scientist/sci_fear7.wav

scientist/sci_pain2.wav

scientist/scream01.WAV

scientist/scream01.wav

scientist/scream02.wav

scientist/scream05.wav

scientist/scream07.wav

scientist/scream1.wav

scientist/scream10.wav

scientist/scream14.wav

scientist/scream15.WAV

scientist/scream2.wav

scientist/scream25.wav

scientist/scream4.wav

tentacle/te_death2.wav

tentacle/te_roar2.wav

tentacle/te_strike2.wav

tentacle/te_swing2.wav

tride/c0a0_tr_arrive.wav

tride/c0a0_tr_dest.wav

tride/c0a0_tr_emerg.wav

tride/c0a0_tr_exit.wav

tride/c0a0_tr_gmorn.wav

tride/c0a0_tr_haz.wav

tride/c0a0_tr_jobs.wav

tride/c0a0_tr_noeat.wav

tride/c0a0_tr_time.wav

tride/c0a0_tr_tourn.wav

weapons/357_reload1.wav

weapons/debris1.wav

weapons/explode3.wav

weapons/explode4.wav

weapons/explode5.wav

weapons/g_bounce2.wav

weapons/gauss2.wav

weapons/mine_activate.wav

weapons/mortar.wav

weapons/mortarhit.wav

weapons/rocketfire1.wav

weapons/sbarrel1.wav

x/nih_die2.wav

