!BA_ALIVE

!BA_ASSN

!BA_ATTACK2

!BA_BULLSQUID

!BA_CLIMB

!BA_DESK

!BA_GLAD

!BA_HELLO0

!BA_HELPME

!BA_HUB1A

!BA_HUB2A

!BA_LATE

!BA_LAUNCH

!BA_MORTAL0

!BA_SCARED0

!BA_SURFACE

!BA_SURVEY2A

!BA_SURVEY4A

!BA_SURVEY6A

!BA_SURVEY8A

!BA_TENTACLE

!BA_WHISPER

!BA_button

!BA_headdown

!BA_hevno

!BA_hevyes

!GM_1CHOOSE

!GM_1MUMBLE

!GM_2CHOOSE

!GM_4MUMBLE

!GM_5MUMBLE

!GM_NASTY

!GM_OTHERWISE

!GM_POTENTIAL

!GM_REGRET

!GM_STEPIN

!GM_SUIT

!GM_WISE

!GM_WONTWORK

!HG_ALERT2

!HG_CIVVIES

!HG_CLEAR10

!HG_DRAG1A

!HG_DRAG2A

!HG_DRAG3A

!HG_DRAG4A

!HG_DRAG5A

!HG_DRAG6A

!HG_SNOOP1A

!HG_SNOOP2A

!HG_SNOOP3A

!HG_SNOOP4A

!HG_SNOOP5A

!HG_SUCKS

!HOLO_3JUMPS

!HOLO_BREAKBOX

!HOLO_BUTTON

!HOLO_CHARGER

!HOLO_COMMENCING

!HOLO_CONGRATS

!HOLO_DROWN

!HOLO_DUCK

!HOLO_GRENADE

!HOLO_HITALL

!HOLO_INJURY

!HOLO_INTRO

!HOLO_JDUCK

!HOLO_JUMP

!HOLO_JUMPGAP

!HOLO_LADDER

!HOLO_LEADGUARD

!HOLO_LONGJUMP

!HOLO_MEDKIT

!HOLO_MOVE

!HOLO_PIPEDUCK

!HOLO_PULLBOX

!HOLO_PUSHBOX

!HOLO_SPINBRIDGE

!HOLO_STARTLIFT

!HOLO_STEAM

!HOLO_TARGET

!HOLO_USETRAIN

!SC_1MAN

!SC_1MUMBLE

!SC_1PSURG

!SC_2PSURG

!SC_3PSURG

!SC_BOOBIE

!SC_CONSOLE1a

!SC_CONSOLE2a

!SC_CONSOLE3a

!SC_CONSOLE4a

!SC_CONSOLE5

!SC_CRIT1A

!SC_CRIT2A

!SC_CRIT3A

!SC_CTRL1A

!SC_CTRL2A

!SC_CTRL3A

!SC_CTRL4A

!SC_DARKROOM

!SC_FLOOD

!SC_FOOL

!SC_FOREVER

!SC_GENER

!SC_GETAWAY

!SC_GLUON2A

!SC_GOODWORK

!SC_HARDLYNOTICE

!SC_LETOUT

!SC_LETYOUIN

!SC_LINGER

!SC_LJUMP

!SC_LOCK1A

!SC_LOCK2A

!SC_LOCK3A

!SC_LOCK4A

!SC_LOCK5A

!SC_LOCK6A

!SC_LOCK7A

!SC_LOCK8A

!SC_LOUNGE

!SC_NEXTSTATION

!SC_NOTYET

!SC_PLFEAR0

!SC_PORTAL

!SC_PORTOPEN

!SC_POSITION

!SC_POWEROFF

!SC_POWERON

!SC_RESCUED

!SC_SCREAM6

!SC_SCREAM7

!SC_SILO1A

!SC_SILO2A

!SC_STRAWS

!SC_SURVEY1A

!SC_SURVEY3A

!SC_SURVEY5A

!SC_SURVEY7A

!SC_TEAM

!SC_TRACK

!SC_TRANSMISSION

!SC_TRUST

!SC_UPHERE

!SC_bigday

!SC_gmorn

!SC_sample

!sc_dangling

!sc_icky

